2026-09-03 08:44:35  IMAP: 93 הודעות מאז 31-Aug-2026
2026-09-03 08:45:22  נאספו 62 הודעות מ-48 השעות האחרונות
2026-09-03 08:45:22    [יבש] שיעורים ואירועים | שלום,
2026-09-03 08:45:22    [יבש] הודעות | מיזם כיבוד "חלקי בקהילתי" 🥧☕פותחים את זמן אלול
2026-09-03 08:45:22    [יבש] שיעורים ואירועים | הגיע מלאי גופיות ציצית לגמח
2026-09-03 08:45:22    [יבש] שיעורים ואירועים | יש למישהוא ביישוב פקס שאפרש לשלוח במייל?
2026-09-03 08:45:22    [יבש] הודעות | טיטולים מידה 3 להלוות
2026-09-03 08:45:22    [יבש] שיעורים ואירועים | מקומות אחרונים בקבוצת הבוגרות
2026-09-03 08:45:22    [יבש] שיעורים ואירועים | ✨️שיעור הכנה לראש השנה היום ✨️
2026-09-03 08:45:22    [יבש] אבידות ומציאות | קניות
2026-09-03 08:45:22    [יבש] טרמפים | טרמפ חזור מביתר בסביבות 16:30
2026-09-03 08:45:22    [יבש] בקשות עזרה | מישהו יוצא היום או מחר לרמי לוי או אושר עד?
2026-09-03 08:45:22    [יבש] מכירה ומסירה | כיריים גז למסירה
2026-09-03 08:45:22    [יבש] שיעורים ואירועים | אח של ישראל יוסף נפטר,
2026-09-03 08:45:22    [יבש] טרמפים | יש מישהו שחוזר מביתר מחר באיזור 1:15?
2026-09-03 08:45:22    [יבש] שיעורים ואירועים | חובות לגמ"ח התרופות
2026-09-03 08:45:22    [יבש] מכירה ומסירה | כיריים גז למסירה
2026-09-03 08:45:22    [יבש] בקשות עזרה | חבילה מ"הר טוב" ליד בית שמש- לטובת נשות לומדי חלקי
2026-09-03 08:45:22    [יבש] הודעות | אגב הרבנית גרה בביתר
2026-09-03 08:45:22    [יבש] שיעורים ואירועים | משהו יוצא מחר בבוקר לגבעת שאול/ הר נוף
2026-09-03 08:45:22    [יבש] בקשות עזרה | נשמח לעזרה בהעברת מיטה בתוך הישוב בעזרת רכב
2026-09-03 08:45:22    [יבש] שיעורים ואירועים | דירה לר"ה למשפחה עם 4 ילדים
2026-09-03 08:45:22    [יבש] שיעורים ואירועים | חזרה להיות רלוונטית
2026-09-03 08:45:22    [יבש] שיעורים ואירועים | תזכורת! המדביר מגיע מחר בשעות הבוקר מי שרוצה להצטרף שיעדכן ב
2026-09-03 08:45:22    [יבש] טרמפים | משהו יוצא מחר בבוקר בסביבות 08-00 .09-00 לירושלים?
2026-09-03 08:45:22    [יבש] שיעורים ואירועים | דירה לר"ה למשפחה עם 4 ילדים
2026-09-03 08:45:22    [יבש] בקשות עזרה | שלום לכולם,
2026-09-03 08:45:22    [יבש] שיעורים ואירועים | למישהו יש את המס' טלפון של מנהלת הבית ספר?
2026-09-03 08:45:22    [יבש] שיעורים ואירועים | למישהו יש את המס' טלפון של מנהלת הבית ספר?
2026-09-03 08:45:22    [יבש] בקשות עזרה | משרת אם באיבי הנחל לפרטים-----
2026-09-03 08:45:22    [יבש] בקשות עזרה | מחפש שומר לאחה"צ בימי רביעי וחמישי ל"בית שני" 0533135802
2026-09-03 08:45:22    [יבש] טרמפים | טרמפ
2026-09-03 08:45:22    [יבש] הודעות | אני
2026-09-03 08:45:22    [יבש] הודעות | אה ראיתי את זה רק בבוקר.
2026-09-03 08:45:22    [יבש] טרמפים | הדפסת מגנטים לראש השנה
2026-09-03 08:45:22    [יבש] טרמפים | טופס רישום להסעה של ביתר
2026-09-03 08:45:22    [יבש] טרמפים | מחפשת טרמפ בשעות הצהריים מגבעת שאול/ הר נוף /מלחה ליישוב
2026-09-03 08:45:22    [יבש] טרמפים | טרמפ לביתר אחה”צ
2026-09-03 08:45:22    [יבש] בקשות עזרה | חבילה מ"הר טוב" ליד בית שמש- לטובת נשות לומדי חלקי
2026-09-03 08:45:22    [יבש] הודעות | בסוף יצאתי היום במקום מחר.
2026-09-03 08:45:22    [יבש] בקשות עזרה | מישהו יוצא היום לרמי לוי או אושר עד?
2026-09-03 08:45:22    [יבש] שיעורים ואירועים | מישהו יוצא אולי לבית שמש בזמן הקרוב?
2026-09-03 08:45:22    [יבש] שיעורים ואירועים | חדש!! חוג חלילית חווייתי לבנים!!!
2026-09-03 08:45:22    [יבש] הודעות | המלצה חמה - לכבוד שבת קודש :)
2026-09-03 08:45:22    [יבש] שיעורים ואירועים | משהו הזמין במכירת בשר של לוין?
2026-09-03 08:45:22    [יבש] שיעורים ואירועים | מישהו מכפר עציון ליישוב בזמן הקרוב?
2026-09-03 08:45:22    [יבש] טרמפים | צהרונית בשכר משתלם למעון איבי הנחל
2026-09-03 08:45:22    [יבש] טרמפים | טרמפ חזור מביתר
2026-09-03 08:45:22    [יבש] בקשות עזרה | מעון מעלה עמוס מחפש אותך
2026-09-03 08:45:22    [יבש] בקשות עזרה | שקית לבית שמש
2026-09-03 08:45:22    [יבש] הודעות | עדין רלוונטי
2026-09-03 08:45:22    [יבש] בקשות עזרה | דירה לשכירות
2026-09-03 08:45:22    [יבש] שיעורים ואירועים | שלום,
2026-09-03 08:45:22    [יבש] הודעות | צהרונית בשכר משתלם למעון איבי הנחל
2026-09-03 08:45:22    [יבש] הודעות | אנחנו יוצאים בשעה הקרובה
2026-09-03 08:45:22    [יבש] שיעורים ואירועים | מהדק סיכות חשמלי
2026-09-03 08:45:22    [יבש] טרמפים | טרמפ הערב לירושלים
2026-09-03 08:45:22    [יבש] שיעורים ואירועים | מגבר קליטה להשאלה או לקניה
2026-09-03 08:45:22    [יבש] שיעורים ואירועים | המכירה לקהילה
2026-09-03 08:45:22    [יבש] שיעורים ואירועים | מישהו יוצא לישוב דרך מלחה?
2026-09-03 08:45:22    [יבש] טרמפים | יש למישהי מקום אחד לירושלים עבור בחורה בזמן הקרוב?
2026-09-03 08:45:22    [יבש] הודעות | ספסוד למעונות
2026-09-03 08:45:22    [יבש] שיעורים ואירועים | חדש! גמח מזרונים
2026-09-03 08:45:22    [יבש] שיעורים ואירועים | חיפוש דירה להשכרה בחג סוכות
2026-09-03 08:45:22  נוספו לתור האישור: 62 (הרצה יבשה)
2026-09-03 08:45:57  IMAP: 93 הודעות מאז 31-Aug-2026
2026-09-03 08:47:32  IMAP: 94 הודעות מאז 31-Aug-2026
2026-09-03 08:48:26  IMAP: 94 הודעות מאז 31-Aug-2026
2026-09-03 08:48:58  נאספו 63 הודעות מ-48 השעות האחרונות
2026-09-03 08:49:14  נוספו לתור האישור: 63
2026-09-03 08:52:23  IMAP: 35 הודעות מאז 02-Sep-2026
